
  .   ____          _            __ _ _
 /\\ / ___'_ __ _ _(_)_ __  __ _ \ \ \ \
( ( )\___ | '_ | '_| | '_ \/ _` | \ \ \ \
 \\/  ___)| |_)| | | | | || (_| |  ) ) ) )
  '  |____| .__|_| |_|_| |_\__, | / / / /
 =========|_|==============|___/=/_/_/_/

 :: Spring Boot ::                (v3.3.4)

2026-07-13T13:30:01.294+05:30  INFO 2844 --- [           main] c.a.a.AnalyticsServiceApplication        : Starting AnalyticsServiceApplication v1.0.0 using Java 23.0.1 with PID 2844 (C:\AgriSmart\analytics-service\target\analytics-service-1.0.0.jar started by siddh in C:\AgriSmart)
2026-07-13T13:30:01.298+05:30  INFO 2844 --- [           main] c.a.a.AnalyticsServiceApplication        : No active profile set, falling back to 1 default profile: "default"
2026-07-13T13:30:05.715+05:30  INFO 2844 --- [           main] o.s.b.w.embedded.tomcat.TomcatWebServer  : Tomcat initialized with port 8085 (http)
2026-07-13T13:30:05.757+05:30  INFO 2844 --- [           main] o.apache.catalina.core.StandardService   : Starting service [Tomcat]
2026-07-13T13:30:05.758+05:30  INFO 2844 --- [           main] o.apache.catalina.core.StandardEngine    : Starting Servlet engine: [Apache Tomcat/10.1.30]
2026-07-13T13:30:05.948+05:30  INFO 2844 --- [           main] o.a.c.c.C.[Tomcat].[localhost].[/]       : Initializing Spring embedded WebApplicationContext
2026-07-13T13:30:05.959+05:30  INFO 2844 --- [           main] w.s.c.ServletWebServerApplicationContext : Root WebApplicationContext: initialization completed in 4524 ms
2026-07-13T13:30:07.970+05:30  WARN 2844 --- [           main] .s.s.UserDetailsServiceAutoConfiguration : 

Using generated security password: 3053b8a1-21b4-4ff4-80ab-31525f59822d

This generated password is for development use only. Your security configuration must be updated before running your application in production.

2026-07-13T13:30:08.086+05:30  INFO 2844 --- [           main] r$InitializeUserDetailsManagerConfigurer : Global AuthenticationManager configured with UserDetailsService bean with name inMemoryUserDetailsManager
2026-07-13T13:30:09.326+05:30  INFO 2844 --- [           main] o.s.b.w.embedded.tomcat.TomcatWebServer  : Tomcat started on port 8085 (http) with context path '/'
2026-07-13T13:30:09.348+05:30  INFO 2844 --- [           main] com.zaxxer.hikari.HikariDataSource       : HikariPool-1 - Starting...
2026-07-13T13:30:09.701+05:30  INFO 2844 --- [           main] com.zaxxer.hikari.pool.HikariPool        : HikariPool-1 - Added connection com.mysql.cj.jdbc.ConnectionImpl@b5c902
2026-07-13T13:30:09.705+05:30  INFO 2844 --- [           main] com.zaxxer.hikari.HikariDataSource       : HikariPool-1 - Start completed.
2026-07-13T13:30:09.815+05:30  INFO 2844 --- [           main] c.a.a.AnalyticsServiceApplication        : Started AnalyticsServiceApplication in 9.351 seconds (process running for 10.393)
2026-07-13T13:30:11.039+05:30  INFO 2844 --- [nio-8085-exec-1] o.a.c.c.C.[Tomcat].[localhost].[/]       : Initializing Spring DispatcherServlet 'dispatcherServlet'
2026-07-13T13:30:11.039+05:30  INFO 2844 --- [nio-8085-exec-1] o.s.web.servlet.DispatcherServlet        : Initializing Servlet 'dispatcherServlet'
2026-07-13T13:30:11.041+05:30  INFO 2844 --- [nio-8085-exec-1] o.s.web.servlet.DispatcherServlet        : Completed initialization in 1 ms
2026-07-13T13:30:11.620+05:30  INFO 2844 --- [nio-8085-exec-1] o.springdoc.api.AbstractOpenApiResource  : Init duration for springdoc-openapi is: 522 ms
