
  .   ____          _            __ _ _
 /\\ / ___'_ __ _ _(_)_ __  __ _ \ \ \ \
( ( )\___ | '_ | '_| | '_ \/ _` | \ \ \ \
 \\/  ___)| |_)| | | | | || (_| |  ) ) ) )
  '  |____| .__|_| |_|_| |_\__, | / / / /
 =========|_|==============|___/=/_/_/_/

 :: Spring Boot ::                (v3.3.4)

2026-07-13T13:30:01.340+05:30  INFO 5192 --- [           main] c.agrismart.crop.CropServiceApplication  : Starting CropServiceApplication v1.0.0 using Java 23.0.1 with PID 5192 (C:\AgriSmart\crop-service\target\crop-service-1.0.0.jar started by siddh in C:\AgriSmart)
2026-07-13T13:30:01.347+05:30  INFO 5192 --- [           main] c.agrismart.crop.CropServiceApplication  : No active profile set, falling back to 1 default profile: "default"
2026-07-13T13:30:04.395+05:30  INFO 5192 --- [           main] .s.d.r.c.RepositoryConfigurationDelegate : Bootstrapping Spring Data JPA repositories in DEFAULT mode.
2026-07-13T13:30:04.501+05:30  INFO 5192 --- [           main] .s.d.r.c.RepositoryConfigurationDelegate : Finished Spring Data repository scanning in 87 ms. Found 1 JPA repository interface.
2026-07-13T13:30:07.163+05:30  INFO 5192 --- [           main] o.s.b.w.embedded.tomcat.TomcatWebServer  : Tomcat initialized with port 8083 (http)
2026-07-13T13:30:07.232+05:30  INFO 5192 --- [           main] o.apache.catalina.core.StandardService   : Starting service [Tomcat]
2026-07-13T13:30:07.233+05:30  INFO 5192 --- [           main] o.apache.catalina.core.StandardEngine    : Starting Servlet engine: [Apache Tomcat/10.1.30]
2026-07-13T13:30:07.401+05:30  INFO 5192 --- [           main] o.a.c.c.C.[Tomcat].[localhost].[/]       : Initializing Spring embedded WebApplicationContext
2026-07-13T13:30:07.410+05:30  INFO 5192 --- [           main] w.s.c.ServletWebServerApplicationContext : Root WebApplicationContext: initialization completed in 5924 ms
2026-07-13T13:30:08.366+05:30  INFO 5192 --- [           main] o.hibernate.jpa.internal.util.LogHelper  : HHH000204: Processing PersistenceUnitInfo [name: default]
2026-07-13T13:30:08.554+05:30  INFO 5192 --- [           main] org.hibernate.Version                    : HHH000412: Hibernate ORM core version 6.5.3.Final
2026-07-13T13:30:08.656+05:30  INFO 5192 --- [           main] o.h.c.internal.RegionFactoryInitiator    : HHH000026: Second-level cache disabled
2026-07-13T13:30:09.348+05:30  INFO 5192 --- [           main] o.s.o.j.p.SpringPersistenceUnitInfo      : No LoadTimeWeaver setup: ignoring JPA class transformer
2026-07-13T13:30:09.418+05:30  INFO 5192 --- [           main] com.zaxxer.hikari.HikariDataSource       : HikariPool-1 - Starting...
2026-07-13T13:30:09.702+05:30  INFO 5192 --- [           main] com.zaxxer.hikari.pool.HikariPool        : HikariPool-1 - Added connection com.mysql.cj.jdbc.ConnectionImpl@646e6d07
2026-07-13T13:30:09.705+05:30  INFO 5192 --- [           main] com.zaxxer.hikari.HikariDataSource       : HikariPool-1 - Start completed.
2026-07-13T13:30:11.058+05:30  INFO 5192 --- [           main] o.h.e.t.j.p.i.JtaPlatformInitiator       : HHH000489: No JTA platform available (set 'hibernate.transaction.jta.platform' to enable JTA platform integration)
Hibernate: 
    alter table crops 
       modify column description TEXT
2026-07-13T13:30:11.177+05:30  INFO 5192 --- [           main] j.LocalContainerEntityManagerFactoryBean : Initialized JPA EntityManagerFactory for persistence unit 'default'
2026-07-13T13:30:12.553+05:30  WARN 5192 --- [           main] JpaBaseConfiguration$JpaWebConfiguration : spring.jpa.open-in-view is enabled by default. Therefore, database queries may be performed during view rendering. Explicitly configure spring.jpa.open-in-view to disable this warning
2026-07-13T13:30:12.595+05:30  WARN 5192 --- [           main] .s.s.UserDetailsServiceAutoConfiguration : 

Using generated security password: 3786493d-db98-4db5-8d94-ce2dc754a823

This generated password is for development use only. Your security configuration must be updated before running your application in production.

2026-07-13T13:30:12.657+05:30  INFO 5192 --- [           main] r$InitializeUserDetailsManagerConfigurer : Global AuthenticationManager configured with UserDetailsService bean with name inMemoryUserDetailsManager
2026-07-13T13:30:13.955+05:30  INFO 5192 --- [           main] o.s.b.w.embedded.tomcat.TomcatWebServer  : Tomcat started on port 8083 (http) with context path '/'
2026-07-13T13:30:13.991+05:30  INFO 5192 --- [           main] c.agrismart.crop.CropServiceApplication  : Started CropServiceApplication in 13.462 seconds (process running for 14.573)
2026-07-13T13:30:15.703+05:30  INFO 5192 --- [nio-8083-exec-1] o.a.c.c.C.[Tomcat].[localhost].[/]       : Initializing Spring DispatcherServlet 'dispatcherServlet'
2026-07-13T13:30:15.704+05:30  INFO 5192 --- [nio-8083-exec-1] o.s.web.servlet.DispatcherServlet        : Initializing Servlet 'dispatcherServlet'
2026-07-13T13:30:15.705+05:30  INFO 5192 --- [nio-8083-exec-1] o.s.web.servlet.DispatcherServlet        : Completed initialization in 1 ms
2026-07-13T13:30:16.106+05:30  INFO 5192 --- [nio-8083-exec-1] o.springdoc.api.AbstractOpenApiResource  : Init duration for springdoc-openapi is: 351 ms
