
  .   ____          _            __ _ _
 /\\ / ___'_ __ _ _(_)_ __  __ _ \ \ \ \
( ( )\___ | '_ | '_| | '_ \/ _` | \ \ \ \
 \\/  ___)| |_)| | | | | || (_| |  ) ) ) )
  '  |____| .__|_| |_|_| |_\__, | / / / /
 =========|_|==============|___/=/_/_/_/

 :: Spring Boot ::                (v3.3.4)

2026-07-13T13:30:01.299+05:30  INFO 30220 --- [           main] c.agrismart.farm.FarmServiceApplication  : Starting FarmServiceApplication v1.0.0 using Java 23.0.1 with PID 30220 (C:\AgriSmart\farm-service\target\farm-service-1.0.0.jar started by siddh in C:\AgriSmart)
2026-07-13T13:30:01.303+05:30  INFO 30220 --- [           main] c.agrismart.farm.FarmServiceApplication  : No active profile set, falling back to 1 default profile: "default"
2026-07-13T13:30:04.322+05:30  INFO 30220 --- [           main] .s.d.r.c.RepositoryConfigurationDelegate : Bootstrapping Spring Data JPA repositories in DEFAULT mode.
2026-07-13T13:30:04.448+05:30  INFO 30220 --- [           main] .s.d.r.c.RepositoryConfigurationDelegate : Finished Spring Data repository scanning in 104 ms. Found 1 JPA repository interface.
2026-07-13T13:30:07.137+05:30  INFO 30220 --- [           main] o.s.b.w.embedded.tomcat.TomcatWebServer  : Tomcat initialized with port 8082 (http)
2026-07-13T13:30:07.195+05:30  INFO 30220 --- [           main] o.apache.catalina.core.StandardService   : Starting service [Tomcat]
2026-07-13T13:30:07.197+05:30  INFO 30220 --- [           main] o.apache.catalina.core.StandardEngine    : Starting Servlet engine: [Apache Tomcat/10.1.30]
2026-07-13T13:30:07.364+05:30  INFO 30220 --- [           main] o.a.c.c.C.[Tomcat].[localhost].[/]       : Initializing Spring embedded WebApplicationContext
2026-07-13T13:30:07.367+05:30  INFO 30220 --- [           main] w.s.c.ServletWebServerApplicationContext : Root WebApplicationContext: initialization completed in 5922 ms
2026-07-13T13:30:08.350+05:30  INFO 30220 --- [           main] o.hibernate.jpa.internal.util.LogHelper  : HHH000204: Processing PersistenceUnitInfo [name: default]
2026-07-13T13:30:08.532+05:30  INFO 30220 --- [           main] org.hibernate.Version                    : HHH000412: Hibernate ORM core version 6.5.3.Final
2026-07-13T13:30:08.633+05:30  INFO 30220 --- [           main] o.h.c.internal.RegionFactoryInitiator    : HHH000026: Second-level cache disabled
2026-07-13T13:30:09.364+05:30  INFO 30220 --- [           main] o.s.o.j.p.SpringPersistenceUnitInfo      : No LoadTimeWeaver setup: ignoring JPA class transformer
2026-07-13T13:30:09.429+05:30  INFO 30220 --- [           main] com.zaxxer.hikari.HikariDataSource       : HikariPool-1 - Starting...
2026-07-13T13:30:09.713+05:30  INFO 30220 --- [           main] com.zaxxer.hikari.pool.HikariPool        : HikariPool-1 - Added connection com.mysql.cj.jdbc.ConnectionImpl@152e7703
2026-07-13T13:30:09.716+05:30  INFO 30220 --- [           main] com.zaxxer.hikari.HikariDataSource       : HikariPool-1 - Start completed.
2026-07-13T13:30:11.032+05:30  INFO 30220 --- [           main] o.h.e.t.j.p.i.JtaPlatformInitiator       : HHH000489: No JTA platform available (set 'hibernate.transaction.jta.platform' to enable JTA platform integration)
2026-07-13T13:30:11.099+05:30  INFO 30220 --- [           main] j.LocalContainerEntityManagerFactoryBean : Initialized JPA EntityManagerFactory for persistence unit 'default'
2026-07-13T13:30:12.385+05:30  WARN 30220 --- [           main] JpaBaseConfiguration$JpaWebConfiguration : spring.jpa.open-in-view is enabled by default. Therefore, database queries may be performed during view rendering. Explicitly configure spring.jpa.open-in-view to disable this warning
2026-07-13T13:30:12.409+05:30  WARN 30220 --- [           main] .s.s.UserDetailsServiceAutoConfiguration : 

Using generated security password: f23815ea-72e6-4b82-9856-7057b63904e1

This generated password is for development use only. Your security configuration must be updated before running your application in production.

2026-07-13T13:30:12.454+05:30  INFO 30220 --- [           main] r$InitializeUserDetailsManagerConfigurer : Global AuthenticationManager configured with UserDetailsService bean with name inMemoryUserDetailsManager
2026-07-13T13:30:13.911+05:30  INFO 30220 --- [           main] o.s.b.w.embedded.tomcat.TomcatWebServer  : Tomcat started on port 8082 (http) with context path '/'
2026-07-13T13:30:13.932+05:30  INFO 30220 --- [           main] c.agrismart.farm.FarmServiceApplication  : Started FarmServiceApplication in 13.504 seconds (process running for 14.537)
2026-07-13T13:30:15.276+05:30  INFO 30220 --- [nio-8082-exec-2] o.a.c.c.C.[Tomcat].[localhost].[/]       : Initializing Spring DispatcherServlet 'dispatcherServlet'
2026-07-13T13:30:15.277+05:30  INFO 30220 --- [nio-8082-exec-2] o.s.web.servlet.DispatcherServlet        : Initializing Servlet 'dispatcherServlet'
2026-07-13T13:30:15.278+05:30  INFO 30220 --- [nio-8082-exec-2] o.s.web.servlet.DispatcherServlet        : Completed initialization in 1 ms
2026-07-13T13:30:15.610+05:30  INFO 30220 --- [nio-8082-exec-2] o.springdoc.api.AbstractOpenApiResource  : Init duration for springdoc-openapi is: 278 ms
