
  .   ____          _            __ _ _
 /\\ / ___'_ __ _ _(_)_ __  __ _ \ \ \ \
( ( )\___ | '_ | '_| | '_ \/ _` | \ \ \ \
 \\/  ___)| |_)| | | | | || (_| |  ) ) ) )
  '  |____| .__|_| |_|_| |_\__, | / / / /
 =========|_|==============|___/=/_/_/_/

 :: Spring Boot ::                (v3.3.4)

2026-07-13T13:30:01.321+05:30  INFO 28740 --- [           main] c.agrismart.user.UserServiceApplication  : Starting UserServiceApplication v1.0.0 using Java 23.0.1 with PID 28740 (C:\AgriSmart\user-service\target\user-service-1.0.0.jar started by siddh in C:\AgriSmart)
2026-07-13T13:30:01.329+05:30  INFO 28740 --- [           main] c.agrismart.user.UserServiceApplication  : No active profile set, falling back to 1 default profile: "default"
2026-07-13T13:30:04.409+05:30  INFO 28740 --- [           main] .s.d.r.c.RepositoryConfigurationDelegate : Bootstrapping Spring Data JPA repositories in DEFAULT mode.
2026-07-13T13:30:04.520+05:30  INFO 28740 --- [           main] .s.d.r.c.RepositoryConfigurationDelegate : Finished Spring Data repository scanning in 96 ms. Found 1 JPA repository interface.
2026-07-13T13:30:07.183+05:30  INFO 28740 --- [           main] o.s.b.w.embedded.tomcat.TomcatWebServer  : Tomcat initialized with port 8081 (http)
2026-07-13T13:30:07.254+05:30  INFO 28740 --- [           main] o.apache.catalina.core.StandardService   : Starting service [Tomcat]
2026-07-13T13:30:07.255+05:30  INFO 28740 --- [           main] o.apache.catalina.core.StandardEngine    : Starting Servlet engine: [Apache Tomcat/10.1.30]
2026-07-13T13:30:07.395+05:30  INFO 28740 --- [           main] o.a.c.c.C.[Tomcat].[localhost].[/]       : Initializing Spring embedded WebApplicationContext
2026-07-13T13:30:07.399+05:30  INFO 28740 --- [           main] w.s.c.ServletWebServerApplicationContext : Root WebApplicationContext: initialization completed in 5920 ms
2026-07-13T13:30:08.404+05:30  INFO 28740 --- [           main] o.hibernate.jpa.internal.util.LogHelper  : HHH000204: Processing PersistenceUnitInfo [name: default]
2026-07-13T13:30:08.580+05:30  INFO 28740 --- [           main] org.hibernate.Version                    : HHH000412: Hibernate ORM core version 6.5.3.Final
2026-07-13T13:30:08.675+05:30  INFO 28740 --- [           main] o.h.c.internal.RegionFactoryInitiator    : HHH000026: Second-level cache disabled
2026-07-13T13:30:09.343+05:30  INFO 28740 --- [           main] o.s.o.j.p.SpringPersistenceUnitInfo      : No LoadTimeWeaver setup: ignoring JPA class transformer
2026-07-13T13:30:09.416+05:30  INFO 28740 --- [           main] com.zaxxer.hikari.HikariDataSource       : HikariPool-1 - Starting...
2026-07-13T13:30:09.702+05:30  INFO 28740 --- [           main] com.zaxxer.hikari.pool.HikariPool        : HikariPool-1 - Added connection com.mysql.cj.jdbc.ConnectionImpl@24fc2c80
2026-07-13T13:30:09.705+05:30  INFO 28740 --- [           main] com.zaxxer.hikari.HikariDataSource       : HikariPool-1 - Start completed.
2026-07-13T13:30:11.027+05:30  INFO 28740 --- [           main] o.h.e.t.j.p.i.JtaPlatformInitiator       : HHH000489: No JTA platform available (set 'hibernate.transaction.jta.platform' to enable JTA platform integration)
2026-07-13T13:30:11.101+05:30  INFO 28740 --- [           main] j.LocalContainerEntityManagerFactoryBean : Initialized JPA EntityManagerFactory for persistence unit 'default'
2026-07-13T13:30:12.358+05:30  WARN 28740 --- [           main] JpaBaseConfiguration$JpaWebConfiguration : spring.jpa.open-in-view is enabled by default. Therefore, database queries may be performed during view rendering. Explicitly configure spring.jpa.open-in-view to disable this warning
2026-07-13T13:30:12.385+05:30  WARN 28740 --- [           main] .s.s.UserDetailsServiceAutoConfiguration : 

Using generated security password: c356c1f6-f737-4a55-ac1f-cb2c218cd745

This generated password is for development use only. Your security configuration must be updated before running your application in production.

2026-07-13T13:30:12.393+05:30  INFO 28740 --- [           main] r$InitializeUserDetailsManagerConfigurer : Global AuthenticationManager configured with UserDetailsService bean with name inMemoryUserDetailsManager
2026-07-13T13:30:13.820+05:30  INFO 28740 --- [           main] o.s.b.w.embedded.tomcat.TomcatWebServer  : Tomcat started on port 8081 (http) with context path '/'
2026-07-13T13:30:13.845+05:30  INFO 28740 --- [           main] c.agrismart.user.UserServiceApplication  : Started UserServiceApplication in 13.375 seconds (process running for 14.466)
2026-07-13T13:30:14.874+05:30  INFO 28740 --- [nio-8081-exec-1] o.a.c.c.C.[Tomcat].[localhost].[/]       : Initializing Spring DispatcherServlet 'dispatcherServlet'
2026-07-13T13:30:14.874+05:30  INFO 28740 --- [nio-8081-exec-1] o.s.web.servlet.DispatcherServlet        : Initializing Servlet 'dispatcherServlet'
2026-07-13T13:30:14.876+05:30  INFO 28740 --- [nio-8081-exec-1] o.s.web.servlet.DispatcherServlet        : Completed initialization in 1 ms
2026-07-13T13:30:15.180+05:30  INFO 28740 --- [nio-8081-exec-1] o.springdoc.api.AbstractOpenApiResource  : Init duration for springdoc-openapi is: 254 ms
