
  .   ____          _            __ _ _
 /\\ / ___'_ __ _ _(_)_ __  __ _ \ \ \ \
( ( )\___ | '_ | '_| | '_ \/ _` | \ \ \ \
 \\/  ___)| |_)| | | | | || (_| |  ) ) ) )
  '  |____| .__|_| |_|_| |_\__, | / / / /
 =========|_|==============|___/=/_/_/_/

 :: Spring Boot ::                (v3.3.4)

2026-07-13T13:30:01.371+05:30  INFO 13924 --- [           main] c.a.weather.WeatherServiceApplication    : Starting WeatherServiceApplication v1.0.0 using Java 23.0.1 with PID 13924 (C:\AgriSmart\weather-service\target\weather-service-1.0.0.jar started by siddh in C:\AgriSmart)
2026-07-13T13:30:01.376+05:30  INFO 13924 --- [           main] c.a.weather.WeatherServiceApplication    : No active profile set, falling back to 1 default profile: "default"
2026-07-13T13:30:04.449+05:30  INFO 13924 --- [           main] .s.d.r.c.RepositoryConfigurationDelegate : Bootstrapping Spring Data JPA repositories in DEFAULT mode.
2026-07-13T13:30:04.563+05:30  INFO 13924 --- [           main] .s.d.r.c.RepositoryConfigurationDelegate : Finished Spring Data repository scanning in 96 ms. Found 1 JPA repository interface.
2026-07-13T13:30:07.422+05:30  INFO 13924 --- [           main] o.s.b.w.embedded.tomcat.TomcatWebServer  : Tomcat initialized with port 8084 (http)
2026-07-13T13:30:07.507+05:30  INFO 13924 --- [           main] o.apache.catalina.core.StandardService   : Starting service [Tomcat]
2026-07-13T13:30:07.508+05:30  INFO 13924 --- [           main] o.apache.catalina.core.StandardEngine    : Starting Servlet engine: [Apache Tomcat/10.1.30]
2026-07-13T13:30:07.791+05:30  INFO 13924 --- [           main] o.a.c.c.C.[Tomcat].[localhost].[/]       : Initializing Spring embedded WebApplicationContext
2026-07-13T13:30:07.796+05:30  INFO 13924 --- [           main] w.s.c.ServletWebServerApplicationContext : Root WebApplicationContext: initialization completed in 6292 ms
2026-07-13T13:30:08.508+05:30  INFO 13924 --- [           main] o.hibernate.jpa.internal.util.LogHelper  : HHH000204: Processing PersistenceUnitInfo [name: default]
2026-07-13T13:30:08.726+05:30  INFO 13924 --- [           main] org.hibernate.Version                    : HHH000412: Hibernate ORM core version 6.5.3.Final
2026-07-13T13:30:08.786+05:30  INFO 13924 --- [           main] o.h.c.internal.RegionFactoryInitiator    : HHH000026: Second-level cache disabled
2026-07-13T13:30:09.491+05:30  INFO 13924 --- [           main] o.s.o.j.p.SpringPersistenceUnitInfo      : No LoadTimeWeaver setup: ignoring JPA class transformer
2026-07-13T13:30:09.543+05:30  INFO 13924 --- [           main] com.zaxxer.hikari.HikariDataSource       : HikariPool-1 - Starting...
2026-07-13T13:30:09.818+05:30  INFO 13924 --- [           main] com.zaxxer.hikari.pool.HikariPool        : HikariPool-1 - Added connection com.mysql.cj.jdbc.ConnectionImpl@615bad16
2026-07-13T13:30:09.821+05:30  INFO 13924 --- [           main] com.zaxxer.hikari.HikariDataSource       : HikariPool-1 - Start completed.
2026-07-13T13:30:11.136+05:30  INFO 13924 --- [           main] o.h.e.t.j.p.i.JtaPlatformInitiator       : HHH000489: No JTA platform available (set 'hibernate.transaction.jta.platform' to enable JTA platform integration)
2026-07-13T13:30:11.243+05:30  INFO 13924 --- [           main] j.LocalContainerEntityManagerFactoryBean : Initialized JPA EntityManagerFactory for persistence unit 'default'
2026-07-13T13:30:12.642+05:30  WARN 13924 --- [           main] JpaBaseConfiguration$JpaWebConfiguration : spring.jpa.open-in-view is enabled by default. Therefore, database queries may be performed during view rendering. Explicitly configure spring.jpa.open-in-view to disable this warning
2026-07-13T13:30:12.676+05:30  WARN 13924 --- [           main] .s.s.UserDetailsServiceAutoConfiguration : 

Using generated security password: 21e2118e-61ae-4e20-904f-fa06fb2f4b74

This generated password is for development use only. Your security configuration must be updated before running your application in production.

2026-07-13T13:30:12.732+05:30  INFO 13924 --- [           main] r$InitializeUserDetailsManagerConfigurer : Global AuthenticationManager configured with UserDetailsService bean with name inMemoryUserDetailsManager
2026-07-13T13:30:13.998+05:30  INFO 13924 --- [           main] o.s.b.w.embedded.tomcat.TomcatWebServer  : Tomcat started on port 8084 (http) with context path '/'
2026-07-13T13:30:14.019+05:30  INFO 13924 --- [           main] c.a.weather.WeatherServiceApplication    : Started WeatherServiceApplication in 13.472 seconds (process running for 14.605)
2026-07-13T13:30:16.197+05:30  INFO 13924 --- [nio-8084-exec-1] o.a.c.c.C.[Tomcat].[localhost].[/]       : Initializing Spring DispatcherServlet 'dispatcherServlet'
2026-07-13T13:30:16.199+05:30  INFO 13924 --- [nio-8084-exec-1] o.s.web.servlet.DispatcherServlet        : Initializing Servlet 'dispatcherServlet'
2026-07-13T13:30:16.200+05:30  INFO 13924 --- [nio-8084-exec-1] o.s.web.servlet.DispatcherServlet        : Completed initialization in 1 ms
2026-07-13T13:30:16.499+05:30  INFO 13924 --- [nio-8084-exec-1] o.springdoc.api.AbstractOpenApiResource  : Init duration for springdoc-openapi is: 255 ms
